Build summary:
 > Sources: ['csrc/deep_ep.cpp', 'csrc/kernels/runtime.cu', 'csrc/kernels/layout.cu', 'csrc/kernels/intranode.cu', 'csrc/kernels/internode.cu', 'csrc/kernels/internode_ll.cu']
 > Includes: ['csrc/', '/usr/local/nvshmem/include']
 > Libraries: ['/usr/local/nvshmem/lib']
 > Compilation flags: {'cxx': ['-O3', '-Wno-deprecated-declarations', '-Wno-unused-variable', '-Wno-sign-compare', '-Wno-reorder', '-Wno-attributes', '-DDISABLE_AGGRESSIVE_PTX_INSTRS'], 'nvcc': ['-O3', '-Xcompiler', '-O3', '-rdc=true', '-DDISABLE_AGGRESSIVE_PTX_INSTRS'], 'nvcc_dlink': ['-dlink', '-L/usr/local/nvshmem/lib', '-lnvshmem_device']}
 > Link flags: ['-l:libnvshmem_host.so', '-l:libnvshmem_device.a', '-Wl,-rpath,/usr/local/nvshmem/lib']
 > Arch list: 8.0
 > NVSHMEM path: /usr/local/nvshmem

running build
running build_py
creating build
creating build/lib.linux-x86_64-3.10
creating build/lib.linux-x86_64-3.10/deep_ep
copying deep_ep/__init__.py -> build/lib.linux-x86_64-3.10/deep_ep
copying deep_ep/buffer.py -> build/lib.linux-x86_64-3.10/deep_ep
copying deep_ep/utils.py -> build/lib.linux-x86_64-3.10/deep_ep
running build_ext
/usr/local/lib/python3.10/dist-packages/torch/utils/cpp_extension.py:490: UserWarning: There are no x86_64-linux-gnu-g++ version bounds defined for CUDA version 12.6
  warnings.warn(f'There are no {compiler_name} version bounds defined for CUDA version {cuda_str_version}')
building 'deep_ep_cpp' extension
creating /home/yang.zhuo/src/DeepEP/build/temp.linux-x86_64-3.10
creating /home/yang.zhuo/src/DeepEP/build/temp.linux-x86_64-3.10/csrc
creating /home/yang.zhuo/src/DeepEP/build/temp.linux-x86_64-3.10/csrc/kernels
Emitting ninja build file /home/yang.zhuo/src/DeepEP/build/temp.linux-x86_64-3.10/build.ninja...
Compiling objects...
Allowing ninja to set a default number of workers... (overridable by setting the environment variable MAX_JOBS=N)
[1/7] /usr/local/cuda/bin/nvcc --generate-dependencies-with-compile --dependency-output /home/yang.zhuo/src/DeepEP/build/temp.linux-x86_64-3.10/csrc/kernels/runtime.o.d -Icsrc/ -I/usr/local/nvshmem/include -I/usr/local/lib/python3.10/dist-packages/torch/include -I/usr/local/lib/python3.10/dist-packages/torch/include/torch/csrc/api/include -I/usr/local/cuda/include -I/usr/include/python3.10 -c -c /home/yang.zhuo/src/DeepEP/csrc/kernels/runtime.cu -o /home/yang.zhuo/src/DeepEP/build/temp.linux-x86_64-3.10/csrc/kernels/runtime.o -D__CUDA_NO_HALF_OPERATORS__ -D__CUDA_NO_HALF_CONVERSIONS__ -D__CUDA_NO_BFLOAT16_CONVERSIONS__ -D__CUDA_NO_HALF2_OPERATORS__ --expt-relaxed-constexpr --compiler-options ''"'"'-fPIC'"'"'' -O3 -Xcompiler -O3 -rdc=true -DDISABLE_AGGRESSIVE_PTX_INSTRS -DTORCH_API_INCLUDE_EXTENSION_H '-DPYBIND11_COMPILER_TYPE="_gcc"' '-DPYBIND11_STDLIB="_libstdcpp"' '-DPYBIND11_BUILD_ABI="_cxxabi1016"' -DTORCH_EXTENSION_NAME=deep_ep_cpp -D_GLIBCXX_USE_CXX11_ABI=1 -gencode=arch=compute_80,code=sm_80 -std=c++17
[2/7] /usr/local/cuda/bin/nvcc --generate-dependencies-with-compile --dependency-output /home/yang.zhuo/src/DeepEP/build/temp.linux-x86_64-3.10/csrc/kernels/layout.o.d -Icsrc/ -I/usr/local/nvshmem/include -I/usr/local/lib/python3.10/dist-packages/torch/include -I/usr/local/lib/python3.10/dist-packages/torch/include/torch/csrc/api/include -I/usr/local/cuda/include -I/usr/include/python3.10 -c -c /home/yang.zhuo/src/DeepEP/csrc/kernels/layout.cu -o /home/yang.zhuo/src/DeepEP/build/temp.linux-x86_64-3.10/csrc/kernels/layout.o -D__CUDA_NO_HALF_OPERATORS__ -D__CUDA_NO_HALF_CONVERSIONS__ -D__CUDA_NO_BFLOAT16_CONVERSIONS__ -D__CUDA_NO_HALF2_OPERATORS__ --expt-relaxed-constexpr --compiler-options ''"'"'-fPIC'"'"'' -O3 -Xcompiler -O3 -rdc=true -DDISABLE_AGGRESSIVE_PTX_INSTRS -DTORCH_API_INCLUDE_EXTENSION_H '-DPYBIND11_COMPILER_TYPE="_gcc"' '-DPYBIND11_STDLIB="_libstdcpp"' '-DPYBIND11_BUILD_ABI="_cxxabi1016"' -DTORCH_EXTENSION_NAME=deep_ep_cpp -D_GLIBCXX_USE_CXX11_ABI=1 -gencode=arch=compute_80,code=sm_80 -std=c++17
[3/7] /usr/local/cuda/bin/nvcc --generate-dependencies-with-compile --dependency-output /home/yang.zhuo/src/DeepEP/build/temp.linux-x86_64-3.10/csrc/kernels/intranode.o.d -Icsrc/ -I/usr/local/nvshmem/include -I/usr/local/lib/python3.10/dist-packages/torch/include -I/usr/local/lib/python3.10/dist-packages/torch/include/torch/csrc/api/include -I/usr/local/cuda/include -I/usr/include/python3.10 -c -c /home/yang.zhuo/src/DeepEP/csrc/kernels/intranode.cu -o /home/yang.zhuo/src/DeepEP/build/temp.linux-x86_64-3.10/csrc/kernels/intranode.o -D__CUDA_NO_HALF_OPERATORS__ -D__CUDA_NO_HALF_CONVERSIONS__ -D__CUDA_NO_BFLOAT16_CONVERSIONS__ -D__CUDA_NO_HALF2_OPERATORS__ --expt-relaxed-constexpr --compiler-options ''"'"'-fPIC'"'"'' -O3 -Xcompiler -O3 -rdc=true -DDISABLE_AGGRESSIVE_PTX_INSTRS -DTORCH_API_INCLUDE_EXTENSION_H '-DPYBIND11_COMPILER_TYPE="_gcc"' '-DPYBIND11_STDLIB="_libstdcpp"' '-DPYBIND11_BUILD_ABI="_cxxabi1016"' -DTORCH_EXTENSION_NAME=deep_ep_cpp -D_GLIBCXX_USE_CXX11_ABI=1 -gencode=arch=compute_80,code=sm_80 -std=c++17
[4/7] /usr/local/cuda/bin/nvcc --generate-dependencies-with-compile --dependency-output /home/yang.zhuo/src/DeepEP/build/temp.linux-x86_64-3.10/csrc/kernels/internode_ll.o.d -Icsrc/ -I/usr/local/nvshmem/include -I/usr/local/lib/python3.10/dist-packages/torch/include -I/usr/local/lib/python3.10/dist-packages/torch/include/torch/csrc/api/include -I/usr/local/cuda/include -I/usr/include/python3.10 -c -c /home/yang.zhuo/src/DeepEP/csrc/kernels/internode_ll.cu -o /home/yang.zhuo/src/DeepEP/build/temp.linux-x86_64-3.10/csrc/kernels/internode_ll.o -D__CUDA_NO_HALF_OPERATORS__ -D__CUDA_NO_HALF_CONVERSIONS__ -D__CUDA_NO_BFLOAT16_CONVERSIONS__ -D__CUDA_NO_HALF2_OPERATORS__ --expt-relaxed-constexpr --compiler-options ''"'"'-fPIC'"'"'' -O3 -Xcompiler -O3 -rdc=true -DDISABLE_AGGRESSIVE_PTX_INSTRS -DTORCH_API_INCLUDE_EXTENSION_H '-DPYBIND11_COMPILER_TYPE="_gcc"' '-DPYBIND11_STDLIB="_libstdcpp"' '-DPYBIND11_BUILD_ABI="_cxxabi1016"' -DTORCH_EXTENSION_NAME=deep_ep_cpp -D_GLIBCXX_USE_CXX11_ABI=1 -gencode=arch=compute_80,code=sm_80 -std=c++17
[5/7] c++ -MMD -MF /home/yang.zhuo/src/DeepEP/build/temp.linux-x86_64-3.10/csrc/deep_ep.o.d -Wno-unused-result -Wsign-compare -DNDEBUG -g -fwrapv -O2 -Wall -g -fstack-protector-strong -Wformat -Werror=format-security -g -fwrapv -O2 -g -fstack-protector-strong -Wformat -Werror=format-security -Wdate-time -D_FORTIFY_SOURCE=2 -fPIC -Icsrc/ -I/usr/local/nvshmem/include -I/usr/local/lib/python3.10/dist-packages/torch/include -I/usr/local/lib/python3.10/dist-packages/torch/include/torch/csrc/api/include -I/usr/local/cuda/include -I/usr/include/python3.10 -c -c /home/yang.zhuo/src/DeepEP/csrc/deep_ep.cpp -o /home/yang.zhuo/src/DeepEP/build/temp.linux-x86_64-3.10/csrc/deep_ep.o -O3 -Wno-deprecated-declarations -Wno-unused-variable -Wno-sign-compare -Wno-reorder -Wno-attributes -DDISABLE_AGGRESSIVE_PTX_INSTRS -DTORCH_API_INCLUDE_EXTENSION_H '-DPYBIND11_COMPILER_TYPE="_gcc"' '-DPYBIND11_STDLIB="_libstdcpp"' '-DPYBIND11_BUILD_ABI="_cxxabi1016"' -DTORCH_EXTENSION_NAME=deep_ep_cpp -D_GLIBCXX_USE_CXX11_ABI=1 -std=c++17
[6/7] /usr/local/cuda/bin/nvcc --generate-dependencies-with-compile --dependency-output /home/yang.zhuo/src/DeepEP/build/temp.linux-x86_64-3.10/csrc/kernels/internode.o.d -Icsrc/ -I/usr/local/nvshmem/include -I/usr/local/lib/python3.10/dist-packages/torch/include -I/usr/local/lib/python3.10/dist-packages/torch/include/torch/csrc/api/include -I/usr/local/cuda/include -I/usr/include/python3.10 -c -c /home/yang.zhuo/src/DeepEP/csrc/kernels/internode.cu -o /home/yang.zhuo/src/DeepEP/build/temp.linux-x86_64-3.10/csrc/kernels/internode.o -D__CUDA_NO_HALF_OPERATORS__ -D__CUDA_NO_HALF_CONVERSIONS__ -D__CUDA_NO_BFLOAT16_CONVERSIONS__ -D__CUDA_NO_HALF2_OPERATORS__ --expt-relaxed-constexpr --compiler-options ''"'"'-fPIC'"'"'' -O3 -Xcompiler -O3 -rdc=true -DDISABLE_AGGRESSIVE_PTX_INSTRS -DTORCH_API_INCLUDE_EXTENSION_H '-DPYBIND11_COMPILER_TYPE="_gcc"' '-DPYBIND11_STDLIB="_libstdcpp"' '-DPYBIND11_BUILD_ABI="_cxxabi1016"' -DTORCH_EXTENSION_NAME=deep_ep_cpp -D_GLIBCXX_USE_CXX11_ABI=1 -gencode=arch=compute_80,code=sm_80 -std=c++17
[7/7] /usr/local/cuda/bin/nvcc /home/yang.zhuo/src/DeepEP/build/temp.linux-x86_64-3.10/csrc/deep_ep.o /home/yang.zhuo/src/DeepEP/build/temp.linux-x86_64-3.10/csrc/kernels/internode.o /home/yang.zhuo/src/DeepEP/build/temp.linux-x86_64-3.10/csrc/kernels/internode_ll.o /home/yang.zhuo/src/DeepEP/build/temp.linux-x86_64-3.10/csrc/kernels/intranode.o /home/yang.zhuo/src/DeepEP/build/temp.linux-x86_64-3.10/csrc/kernels/layout.o /home/yang.zhuo/src/DeepEP/build/temp.linux-x86_64-3.10/csrc/kernels/runtime.o -o /home/yang.zhuo/src/DeepEP/build/temp.linux-x86_64-3.10/csrc/dlink.o -D__CUDA_NO_HALF_OPERATORS__ -D__CUDA_NO_HALF_CONVERSIONS__ -D__CUDA_NO_BFLOAT16_CONVERSIONS__ -D__CUDA_NO_HALF2_OPERATORS__ --expt-relaxed-constexpr --compiler-options '-fPIC' -dlink -L/usr/local/nvshmem/lib -lnvshmem_device -DTORCH_API_INCLUDE_EXTENSION_H -DPYBIND11_COMPILER_TYPE="_gcc" -DPYBIND11_STDLIB="_libstdcpp" -DPYBIND11_BUILD_ABI="_cxxabi1016" -DTORCH_EXTENSION_NAME=deep_ep_cpp -D_GLIBCXX_USE_CXX11_ABI=1 -gencode=arch=compute_80,code=sm_80
x86_64-linux-gnu-g++ -shared -Wl,-O1 -Wl,-Bsymbolic-functions -Wl,-Bsymbolic-functions -g -fwrapv -O2 -Wl,-Bsymbolic-functions -g -fwrapv -O2 -g -fstack-protector-strong -Wformat -Werror=format-security -Wdate-time -D_FORTIFY_SOURCE=2 /home/yang.zhuo/src/DeepEP/build/temp.linux-x86_64-3.10/csrc/deep_ep.o /home/yang.zhuo/src/DeepEP/build/temp.linux-x86_64-3.10/csrc/kernels/internode.o /home/yang.zhuo/src/DeepEP/build/temp.linux-x86_64-3.10/csrc/kernels/internode_ll.o /home/yang.zhuo/src/DeepEP/build/temp.linux-x86_64-3.10/csrc/kernels/intranode.o /home/yang.zhuo/src/DeepEP/build/temp.linux-x86_64-3.10/csrc/kernels/layout.o /home/yang.zhuo/src/DeepEP/build/temp.linux-x86_64-3.10/csrc/kernels/runtime.o /home/yang.zhuo/src/DeepEP/build/temp.linux-x86_64-3.10/csrc/dlink.o -L/usr/local/nvshmem/lib -L/usr/local/lib/python3.10/dist-packages/torch/lib -L/usr/local/cuda/lib64 -lc10 -ltorch -ltorch_cpu -ltorch_python -lcudart -lc10_cuda -ltorch_cuda -o build/lib.linux-x86_64-3.10/deep_ep_cpp.cpython-310-x86_64-linux-gnu.so -l:libnvshmem_host.so -l:libnvshmem_device.a -Wl,-rpath,/usr/local/nvshmem/lib
